// Jest Snapshot v1, https://goo.gl/fbAQLP

exports[`authors component renders the authors div 1`] = `ShallowWrapper {}`;
